annotated-types==0.6.0
anyio==4.3.0
click==8.1.7
exceptiongroup==1.2.0
fastapi==0.110.0
h11==0.14.0
idna==3.6
pydantic==2.6.2
pydantic_core==2.16.3
sniffio==1.3.0
starlette==0.36.3
typing_extensions==4.9.0
uvicorn==0.27.1
